
> inventario-app@0.0.0 build
> npm run csp:sync && vite build


> inventario-app@0.0.0 csp:sync
> node scripts/sync-frontend-csp.mjs

[frontend-csp] CSP productiva sincronizada con VITE_API_URL -> https://farit-inventario.duckdns.org
[36mvite v6.4.2 [32mbuilding for production...[36m[39m
transforming...
node.exe : Browserslist: browsers data (caniuse-lite) is 10 months old. Please 
run:
En C:\nvm4w\nodejs\npm.ps1: 29 Carácter: 3
+   & $NODE_EXE $NPM_CLI_JS $args
+   ~~~~~~~~~~~~~~~~~~~~~~~~~~~~~
    + CategoryInfo          : NotSpecified: (Browserslist: b...ld. Please run: 
   :String) [], RemoteException
    + FullyQualifiedErrorId : NativeCommandError
 
  npx update-browserslist-db@latest
  Why you should do it regularly: 
https://github.com/browserslist/update-db#readme
[32mÔ£ô[39m 2272 modules transformed.
rendering chunks...
computing gzip size...
[2mdist/[22m[32mindex.html                                             [39m[1m[2m  0.46 kB[22m[1m[22m[2m Ôöé gzip:   0.30 kB[22m
[2mdist/[22m[35massets/index-DER-WTsE.css                              [39m[1m[2m 69.96 kB[22m[1m[22m[2m Ôöé gzip:  11.93 kB[22m
[2mdist/[22m[36massets/useDebounce-BV-_LH8o.js                         [39m[1m[2m  0.19 kB[22m[1m[22m[2m Ôöé gzip:   0.17 kB[22m
[2mdist/[22m[36massets/Skeleton-LMI6z0ob.js                            [39m[1m[2m  0.31 kB[22m[1m[22m[2m Ôöé gzip:   0.23 kB[22m
[2mdist/[22m[36massets/index-pCIph0nu.js                               [39m[1m[2m  0.37 kB[22m[1m[22m[2m Ôöé gzip:   0.25 kB[22m
[2mdist/[22m[36massets/productoImage--CidOk3T.js                       [39m[1m[2m  0.39 kB[22m[1m[22m[2m Ôöé gzip:   0.25 kB[22m
[2mdist/[22m[36massets/SkeletonCard-DrjY2epb.js                        [39m[1m[2m  0.49 kB[22m[1m[22m[2m Ôöé gzip:   0.33 kB[22m
[2mdist/[22m[36massets/SkeletonPageHeader-CsdzBTR6.js                  [39m[1m[2m  0.51 kB[22m[1m[22m[2m Ôöé gzip:   0.31 kB[22m
[2mdist/[22m[36massets/CotizacionesPage-BTtzyDbs.js                    [39m[1m[2m  0.51 kB[22m[1m[22m[2m Ôöé gzip:   0.37 kB[22m
[2mdist/[22m[36massets/SkeletonSection-BPBGKmIm.js                     [39m[1m[2m  0.52 kB[22m[1m[22m[2m Ôöé gzip:   0.33 kB[22m
[2mdist/[22m[36massets/InventarioDocumentoDetalleSkeleton-Biv2Rq6y.js  [39m[1m[2m  0.68 kB[22m[1m[22m[2m Ôöé gzip:   0.38 kB[22m
[2mdist/[22m[36massets/solicitudesCotizacionApi-BwwzFcxP.js            [39m[1m[2m  0.69 kB[22m[1m[22m[2m Ôöé gzip:   0.31 kB[22m
[2mdist/[22m[36massets/ReservaEstadoBadge-DeVdOY-x.js                  [39m[1m[2m  0.74 kB[22m[1m[22m[2m Ôöé gzip:   0.42 kB[22m
[2mdist/[22m[36massets/areasApi-BJ6Pepao.js                            [39m[1m[2m  0.75 kB[22m[1m[22m[2m Ôöé gzip:   0.33 kB[22m
[2mdist/[22m[36massets/ConfirmDeleteToast-YlobZJPe.js                  [39m[1m[2m  0.96 kB[22m[1m[22m[2m Ôöé gzip:   0.47 kB[22m
[2mdist/[22m[36massets/ConfirmToast-B_66TWp6.js                        [39m[1m[2m  1.00 kB[22m[1m[22m[2m Ôöé gzip:   0.49 kB[22m
[2mdist/[22m[36massets/OrdenCompraEstadoBadge-u60CEHBH.js              [39m[1m[2m  1.08 kB[22m[1m[22m[2m Ôöé gzip:   0.54 kB[22m
[2mdist/[22m[36massets/CotizacionEstadoBadge-BPa5gZbz.js               [39m[1m[2m  1.32 kB[22m[1m[22m[2m Ôöé gzip:   0.61 kB[22m
[2mdist/[22m[36massets/PedidoInternoEstadoBadge-CNRJZWXb.js            [39m[1m[2m  1.37 kB[22m[1m[22m[2m Ôöé gzip:   0.61 kB[22m
[2mdist/[22m[36massets/DocumentoFormalEstadoBadge-B6wv9hkL.js          [39m[1m[2m  1.39 kB[22m[1m[22m[2m Ôöé gzip:   0.54 kB[22m
[2mdist/[22m[36massets/productosApi-CG4nIht0.js                        [39m[1m[2m  1.48 kB[22m[1m[22m[2m Ôöé gzip:   0.60 kB[22m
[2mdist/[22m[36massets/useAreas-CSht-1Bq.js                            [39m[1m[2m  1.61 kB[22m[1m[22m[2m Ôöé gzip:   0.63 kB[22m
[2mdist/[22m[36massets/SolicitudCotizacionDocumentoPage-DzNtPdbK.js    [39m[1m[2m  1.61 kB[22m[1m[22m[2m Ôöé gzip:   0.75 kB[22m
[2mdist/[22m[36massets/useOrdenesCompra-OBqffFaF.js                    [39m[1m[2m  1.62 kB[22m[1m[22m[2m Ôöé gzip:   0.57 kB[22m
[2mdist/[22m[36massets/printWindow-ByW6eX3B.js                         [39m[1m[2m  1.63 kB[22m[1m[22m[2m Ôöé gzip:   0.80 kB[22m
[2mdist/[22m[36massets/SkeletonTable-B6aqiJ5L.js                       [39m[1m[2m  1.63 kB[22m[1m[22m[2m Ôöé gzip:   0.60 kB[22m
[2mdist/[22m[36massets/usePedidosInternos-ahAiuuV1.js                  [39m[1m[2m  1.65 kB[22m[1m[22m[2m Ôöé gzip:   0.60 kB[22m
[2mdist/[22m[36massets/ProductoSearchField-DlJSrzX2.js                 [39m[1m[2m  1.75 kB[22m[1m[22m[2m Ôöé gzip:   0.85 kB[22m
[2mdist/[22m[36massets/useSolicitudesTipoProducto-ZXNgX_p9.js          [39m[1m[2m  2.11 kB[22m[1m[22m[2m Ôöé gzip:   0.79 kB[22m
[2mdist/[22m[36massets/RequerimientoEstadoBadge-BL5rec2S.js            [39m[1m[2m  2.21 kB[22m[1m[22m[2m Ôöé gzip:   0.76 kB[22m
[2mdist/[22m[36massets/usersApi-ChuBSYWz.js                            [39m[1m[2m  2.23 kB[22m[1m[22m[2m Ôöé gzip:   0.93 kB[22m
[2mdist/[22m[36massets/useSolicitudesCotizacion-BBIsmEhm.js            [39m[1m[2m  2.31 kB[22m[1m[22m[2m Ôöé gzip:   0.73 kB[22m
[2mdist/[22m[36massets/EditarRequerimientoPage-Z1RUhdvV.js             [39m[1m[2m  2.48 kB[22m[1m[22m[2m Ôöé gzip:   1.12 kB[22m
[2mdist/[22m[36massets/SolicitarRestablecimientoPage-jyzJvdxg.js       [39m[1m[2m  2.67 kB[22m[1m[22m[2m Ôöé gzip:   1.20 kB[22m
[2mdist/[22m[36massets/useTipoProductos-gSSVDcNA.js                    [39m[1m[2m  2.74 kB[22m[1m[22m[2m Ôöé gzip:   0.91 kB[22m
[2mdist/[22m[36massets/useMarcas-e_J-gkSA.js                           [39m[1m[2m  2.76 kB[22m[1m[22m[2m Ôöé gzip:   0.89 kB[22m
[2mdist/[22m[36massets/useRequerimientos-D8pl3EMo.js                   [39m[1m[2m  2.99 kB[22m[1m[22m[2m Ôöé gzip:   1.10 kB[22m
[2mdist/[22m[36massets/RestablecerContrasenaPage-YwL-QAxX.js           [39m[1m[2m  3.18 kB[22m[1m[22m[2m Ôöé gzip:   1.20 kB[22m
[2mdist/[22m[36massets/CrearPrimerUsuarioPage-DdFYr1kL.js              [39m[1m[2m  3.23 kB[22m[1m[22m[2m Ôöé gzip:   1.19 kB[22m
[2mdist/[22m[36massets/CrearRequerimientoPage-DWEIRiyz.js              [39m[1m[2m  3.56 kB[22m[1m[22m[2m Ôöé gzip:   1.63 kB[22m
[2mdist/[22m[36massets/useProveedores-BC3Pd_SQ.js                      [39m[1m[2m  3.74 kB[22m[1m[22m[2m Ôöé gzip:   1.34 kB[22m
[2mdist/[22m[36massets/CatalogoSelectorModal-CrXaE0xa.js               [39m[1m[2m  3.82 kB[22m[1m[22m[2m Ôöé gzip:   1.57 kB[22m
[2mdist/[22m[36massets/CambiarContrasenaPage-D57YSyTm.js               [39m[1m[2m  4.27 kB[22m[1m[22m[2m Ôöé gzip:   1.39 kB[22m
[2mdist/[22m[36massets/useInventario-Bk3auDXU.js                       [39m[1m[2m  4.59 kB[22m[1m[22m[2m Ôöé gzip:   0.96 kB[22m
[2mdist/[22m[36massets/useLogisticaCotizaciones-YbO4ubi2.js            [39m[1m[2m  5.05 kB[22m[1m[22m[2m Ôöé gzip:   1.25 kB[22m
[2mdist/[22m[36massets/BandejaAprobacionNotasPedidoPage-IrOksMx0.js    [39m[1m[2m  6.20 kB[22m[1m[22m[2m Ôöé gzip:   2.04 kB[22m
[2mdist/[22m[36massets/NotasPedidoPage-CI1qlB8j.js                     [39m[1m[2m  6.49 kB[22m[1m[22m[2m Ôöé gzip:   2.08 kB[22m
[2mdist/[22m[36massets/GestionMarcasPage-DF9Asr2t.js                   [39m[1m[2m  6.76 kB[22m[1m[22m[2m Ôöé gzip:   2.34 kB[22m
[2mdist/[22m[36massets/SeleccionContextoPage-DInjOAXx.js               [39m[1m[2m  6.83 kB[22m[1m[22m[2m Ôöé gzip:   2.19 kB[22m
[2mdist/[22m[36massets/InventarioKardexPage-BPTnWbJ-.js                [39m[1m[2m  7.16 kB[22m[1m[22m[2m Ôöé gzip:   2.12 kB[22m
[2mdist/[22m[36massets/InventarioMovimientosPage-KynwR_ly.js           [39m[1m[2m  7.36 kB[22m[1m[22m[2m Ôöé gzip:   2.08 kB[22m
[2mdist/[22m[36massets/RequerimientosPage-uNhBVu4N.js                  [39m[1m[2m  7.54 kB[22m[1m[22m[2m Ôöé gzip:   2.13 kB[22m
[2mdist/[22m[36massets/InventarioNotasIngresoPage-FjIkrsrJ.js          [39m[1m[2m  7.87 kB[22m[1m[22m[2m Ôöé gzip:   2.42 kB[22m
[2mdist/[22m[36massets/InventarioNotasSalidaPage-DqhVWCM5.js           [39m[1m[2m  7.93 kB[22m[1m[22m[2m Ôöé gzip:   2.43 kB[22m
[2mdist/[22m[36massets/RequerimientosBandejaPage-Dg9_Xd1b.js           [39m[1m[2m  8.06 kB[22m[1m[22m[2m Ôöé gzip:   2.59 kB[22m
[2mdist/[22m[36massets/InventarioStockPage-DaquYc3n.js                 [39m[1m[2m  8.07 kB[22m[1m[22m[2m Ôöé gzip:   2.30 kB[22m
[2mdist/[22m[36massets/InventarioReservasPage-ByXs2W0z.js              [39m[1m[2m  8.12 kB[22m[1m[22m[2m Ôöé gzip:   2.43 kB[22m
[2mdist/[22m[36massets/GestionTipoProductosPage-Bwfo7ceN.js            [39m[1m[2m  8.51 kB[22m[1m[22m[2m Ôöé gzip:   2.71 kB[22m
[2mdist/[22m[36massets/SolicitudesRequerimientoPage-BFcvVpRS.js        [39m[1m[2m  9.19 kB[22m[1m[22m[2m Ôöé gzip:   2.50 kB[22m
[2mdist/[22m[36massets/BandejaSolicitudesTipoProductoPage-CdzxbU9K.js  [39m[1m[2m  9.70 kB[22m[1m[22m[2m Ôöé gzip:   2.67 kB[22m
[2mdist/[22m[36massets/CrearNotaPedidoPage-CS-VzceR.js                 [39m[1m[2m 10.30 kB[22m[1m[22m[2m Ôöé gzip:   3.08 kB[22m
[2mdist/[22m[36massets/InventarioOperacionesPage-D4DzVkCi.js           [39m[1m[2m 10.67 kB[22m[1m[22m[2m Ôöé gzip:   2.74 kB[22m
[2mdist/[22m[36massets/InventarioNotaIngresoDetallePage-D0W44qd6.js    [39m[1m[2m 11.03 kB[22m[1m[22m[2m Ôöé gzip:   2.74 kB[22m
[2mdist/[22m[36massets/InventarioNotaSalidaDetallePage-DE2uVUIf.js     [39m[1m[2m 11.14 kB[22m[1m[22m[2m Ôöé gzip:   2.76 kB[22m
[2mdist/[22m[36massets/NotaPedidoDetallePage-BScZ5kOd.js               [39m[1m[2m 12.05 kB[22m[1m[22m[2m Ôöé gzip:   2.95 kB[22m
[2mdist/[22m[36massets/OrdenesCompraPage-CtMF4T9k.js                   [39m[1m[2m 13.42 kB[22m[1m[22m[2m Ôöé gzip:   3.38 kB[22m
[2mdist/[22m[36massets/configuracionEmpresaLetterhead-CJ2UqfTt.js      [39m[1m[2m 13.90 kB[22m[1m[22m[2m Ôöé gzip:   4.16 kB[22m
[2mdist/[22m[36massets/BandejaAlmacenNotasPedidoPage-DbbVaVzJ.js       [39m[1m[2m 14.40 kB[22m[1m[22m[2m Ôöé gzip:   3.78 kB[22m
[2mdist/[22m[36massets/InventarioReservaDetallePage-BP2b-n9J.js        [39m[1m[2m 14.74 kB[22m[1m[22m[2m Ôöé gzip:   3.37 kB[22m
[2mdist/[22m[36massets/GestionAreasPage-DuufYvTo.js                    [39m[1m[2m 18.09 kB[22m[1m[22m[2m Ôöé gzip:   4.77 kB[22m
[2mdist/[22m[36massets/OrdenCompraDetallePage-C6ZRUUXy.js              [39m[1m[2m 18.61 kB[22m[1m[22m[2m Ôöé gzip:   4.24 kB[22m
[2mdist/[22m[36massets/GestionUsuariosPage-CSmsSs1D.js                 [39m[1m[2m 18.82 kB[22m[1m[22m[2m Ôöé gzip:   5.58 kB[22m
[2mdist/[22m[36massets/InventarioRecepcionesPage-BHfCTep9.js           [39m[1m[2m 20.24 kB[22m[1m[22m[2m Ôöé gzip:   4.93 kB[22m
[2mdist/[22m[36massets/ConfiguracionEmpresaPage-BzMINNv7.js            [39m[1m[2m 20.28 kB[22m[1m[22m[2m Ôöé gzip:   5.13 kB[22m
[2mdist/[22m[36massets/RequerimientoForm--Sv-M2JL.js                   [39m[1m[2m 21.88 kB[22m[1m[22m[2m Ôöé gzip:   4.85 kB[22m
[2mdist/[22m[36massets/SolicitudCotizacionDetallePage-Cqf90btX.js      [39m[1m[2m 22.39 kB[22m[1m[22m[2m Ôöé gzip:   5.88 kB[22m
[2mdist/[22m[36massets/RequerimientoDetallePage-x2hwiaMf.js            [39m[1m[2m 23.13 kB[22m[1m[22m[2m Ôöé gzip:   5.94 kB[22m
[2mdist/[22m[36massets/CotizacionesBandejaPage-oR27EqqP.js             [39m[1m[2m 26.67 kB[22m[1m[22m[2m Ôöé gzip:   7.16 kB[22m
[2mdist/[22m[36massets/logisticaAssignment-POBhxRvf.js                 [39m[1m[2m 27.74 kB[22m[1m[22m[2m Ôöé gzip:   6.70 kB[22m
[2mdist/[22m[36massets/GestionProveedoresPage-DtPgNDlW.js              [39m[1m[2m 53.43 kB[22m[1m[22m[2m Ôöé gzip:  13.29 kB[22m
[2mdist/[22m[36massets/GestionProductosPage-DQdRbClk.js                [39m[1m[2m 80.19 kB[22m[1m[22m[2m Ôöé gzip:  28.08 kB[22m
[2mdist/[22m[36massets/ProcesoLogisticoDetallePage-DsOAD4Zf.js         [39m[1m[2m 80.48 kB[22m[1m[22m[2m Ôöé gzip:  16.17 kB[22m
[2mdist/[22m[36massets/ConfirmDeleteToast2-jhPgpRvi.js                 [39m[1m[2m117.29 kB[22m[1m[22m[2m Ôöé gzip:  38.70 kB[22m
[2mdist/[22m[36massets/index-n4qtJzNB.js                               [39m[1m[2m355.02 kB[22m[1m[22m[2m Ôöé gzip: 112.86 kB[22m
[32mÔ£ô built in 2m 46s[39m
