node : C:\Farit\Proyectos 
Farit\inventario\inventario-app\node_modules\.bin\vitest:2
En línea: 1 Carácter: 46
+ ... host:3000"; node node_modules/.bin/vitest run > test_output.txt 2>&1; ...
+                 ~~~~~~~~~~~~~~~~~~~~~~~~~~~~~~~~~~~~~~~~~~~~~~~~~~~~~~~~
    + CategoryInfo          : NotSpecified: (C:\Farit\Proyec...s\.bin\vitest:2 
   :String) [], RemoteException
    + FullyQualifiedErrorId : NativeCommandError
 
basedir=$(dirname "$(echo "$0" | sed -e 's,\\,/,g')")
          ^^^^^^^

SyntaxError: missing ) after argument list
    at wrapSafe (node:internal/modules/cjs/loader:1512:18)
    at Module._compile (node:internal/modules/cjs/loader:1534:20)
    at Object..js (node:internal/modules/cjs/loader:1699:10)
    at Module.load (node:internal/modules/cjs/loader:1313:32)
    at Function._load (node:internal/modules/cjs/loader:1123:12)
    at TracingChannel.traceSync (node:diagnostics_channel:322:14)
    at wrapModuleLoad (node:internal/modules/cjs/loader:217:24)
    at Function.executeUserEntryPoint [as runMain] 
(node:internal/modules/run_main:170:5)
    at node:internal/main/run_main_module:36:49

Node.js v22.13.1
